// Jest Snapshot v1, https://goo.gl/fbAQLP

exports[`matches snapshot 1`] = `
<DocumentFragment>
  <div
    class="Todo"
  >
    <p
      class="Todo-p"
    />
    <button
      class="Todo-delete-icon"
    >
      X
    </button>
    <button
      class="Todo-edit-icon"
    >
      EDIT
    </button>
  </div>
</DocumentFragment>
`;
